[0m00:09:46.405623 [debug] [MainThread]: Sending event: {'category': 'dbt', 'action': 'invocation', 'label': 'start', 'context': [<snowplow_tracker.self_describing_json.SelfDescribingJson object at 0x0000025DD6D9F830>, <snowplow_tracker.self_describing_json.SelfDescribingJson object at 0x0000025DD6D9E870>, <snowplow_tracker.self_describing_json.SelfDescribingJson object at 0x0000025DD4B87C50>]}


============================== 00:09:46.577458 | 2e7cb6f4-78d4-4229-917c-cafa41103ec2 ==============================
[0m00:09:46.577458 [info ] [MainThread]: Running with dbt=1.11.11
[0m00:09:46.577458 [debug] [MainThread]: running dbt with arguments {'version_check': 'True', 'no_print': 'None', 'static_parser': 'True', 'warn_error_options': 'WarnErrorOptionsV2(error=[], warn=[], silence=[])', 'target_path': 'None', 'printer_width': '80', 'write_json': 'True', 'introspect': 'True', 'log_cache_events': 'False', 'empty': 'None', 'cache_selected_only': 'False', 'fail_fast': 'False', 'debug': 'False', 'log_format': 'default', 'profiles_dir': 'C:\\Users\\windows 10\\.dbt', 'send_anonymous_usage_stats': 'True', 'quiet': 'False', 'warn_error': 'None', 'partial_parse': 'True', 'use_colors': 'True', 'indirect_selection': 'eager', 'invocation_command': 'dbt init retail_dbt', 'use_experimental_parser': 'False', 'log_path': 'logs'}
[0m00:09:46.972281 [info ] [MainThread]: Creating dbt configuration folder at C:\Users\windows 10\.dbt
[0m00:09:46.993582 [debug] [MainThread]: Starter project path: C:\Users\windows 10\retail-data-engineering-project\.venv\Lib\site-packages\dbt\include\starter_project
[0m00:09:47.025457 [info ] [MainThread]: 
Your new dbt project "retail_dbt" was created!

For more information on how to configure the profiles.yml file,
please consult the dbt documentation here:

  https://docs.getdbt.com/docs/configure-your-profile

One more thing:

Need help? Don't hesitate to reach out to us via GitHub issues or on Slack:

  https://community.getdbt.com/

Happy modeling!

[0m00:09:47.026459 [info ] [MainThread]: Setting up your profile.
[0m00:09:54.839384 [debug] [MainThread]: Snowflake adapter: Setting snowflake.connector to ERROR (file logging only)
[0m00:09:54.839384 [debug] [MainThread]: Snowflake adapter: Setting botocore to ERROR (file logging only)
[0m00:09:54.839384 [debug] [MainThread]: Snowflake adapter: Setting boto3 to ERROR (file logging only)
[0m00:12:34.298848 [info ] [MainThread]: Profile retail_dbt written to C:\Users\windows 10\.dbt\profiles.yml using target's profile_template.yml and your supplied values. Run 'dbt debug' to validate the connection.
[0m00:12:34.298848 [debug] [MainThread]: Command `dbt init` succeeded at 00:12:34.298848 after 168.18 seconds
[0m00:12:34.298848 [debug] [MainThread]: Sending event: {'category': 'dbt', 'action': 'invocation', 'label': 'end', 'context': [<snowplow_tracker.self_describing_json.SelfDescribingJson object at 0x0000025DD4B9A210>, <snowplow_tracker.self_describing_json.SelfDescribingJson object at 0x0000025DDE5E4980>, <snowplow_tracker.self_describing_json.SelfDescribingJson object at 0x0000025DDE3C3F80>]}
[0m00:12:34.298848 [debug] [MainThread]: Flushing usage events
[0m00:12:35.711193 [debug] [MainThread]: An error was encountered while trying to flush usage events
